Build started 1/14/2013 4:45:06 AM.
Project "C:\Documents and Settings\ISA8888\Desktop\ite8888_vs\ite8888_vs\ite8888_vs.vcxproj" on node 2 (build target(s)).
InitializeBuildStatus:
  Touching "Release\ite8888_vs.unsuccessfulbuild".
ClCompile:
  C:\Program Files\Microsoft Visual Studio 10.0\VC\bin\CL.exe /c /IC:\WINIO\Source\Drv /IC:\WINDDK\3790.1830\inc\api /IC:\WINDDK\3790.1830\inc\crt /IC:\WINDDK\3790.1830\inc\wxp /IC:\WINIO\Source\Dll /Zi /nologo /W3 /WX- /O2 /Oi /Oy- /GL /D WIN32 /D NDEBUG /D _CONSOLE /D _UNICODE /D UNICODE /Gm- /EHsc /MD /GS /Gy /fp:precise /Zc:wchar_t /Zc:forScope /Fo"Release\\" /Fd"Release\vc100.pdb" /Gd /TP /analyze- /errorReport:prompt ite8888_vs.cpp
  ite8888_vs.cpp
Link:
  C:\Program Files\Microsoft Visual Studio 10.0\VC\bin\link.exe /ERRORREPORT:PROMPT /OUT:"C:\Documents and Settings\ISA8888\Desktop\ite8888_vs\ite8888_vs\Release\ite8888_vs.exe" /INCREMENTAL:NO /NOLOGO /LIBPATH:C:\WINIO\Binaries /LIBPATH:C:\WINDDK\3790.1830\lib\wxp\i386 WinIo32.lib ntdll.lib kernel32.lib user32.lib gdi32.lib winspool.lib comdlg32.lib advapi32.lib shell32.lib ole32.lib oleaut32.lib uuid.lib odbc32.lib odbccp32.lib /MANIFEST /ManifestFile:"Release\ite8888_vs.exe.intermediate.manifest" /MANIFESTUAC:"level='asInvoker' uiAccess='false'" /DEBUG /PDB:"C:\Documents and Settings\ISA8888\Desktop\ite8888_vs\ite8888_vs\Release\ite8888_vs.pdb" /SUBSYSTEM:CONSOLE /OPT:REF /OPT:ICF /LTCG /TLBID:1 /DYNAMICBASE /NXCOMPAT /IMPLIB:"C:\Documents and Settings\ISA8888\Desktop\ite8888_vs\ite8888_vs\Release\ite8888_vs.lib" /MACHINE:X86 Release\ite8888_vs.obj
  Release\stdafx.obj
  Generating code
  Finished generating code
  ite8888_vs.vcxproj -> C:\Documents and Settings\ISA8888\Desktop\ite8888_vs\ite8888_vs\Release\ite8888_vs.exe
Manifest:
  C:\Program Files\Microsoft SDKs\Windows\v7.0A\bin\mt.exe /nologo /verbose /outputresource:"C:\Documents and Settings\ISA8888\Desktop\ite8888_vs\ite8888_vs\Release\ite8888_vs.exe;#1" /manifest Release\ite8888_vs.exe.intermediate.manifest
FinalizeBuildStatus:
  Deleting file "Release\ite8888_vs.unsuccessfulbuild".
  Touching "Release\ite8888_vs.lastbuildstate".
Done Building Project "C:\Documents and Settings\ISA8888\Desktop\ite8888_vs\ite8888_vs\ite8888_vs.vcxproj" (build target(s)).

Build succeeded.

Time Elapsed 00:00:05.81
