Build started 9/14/2025 9:56:29 AM.
Project "F:\21152\21152.vcxproj" on node 2 (build target(s)).
InitializeBuildStatus:
  Creating "Release\21152.unsuccessfulbuild" because "AlwaysCreate" was specified.
ClCompile:
  C:\Program Files\Microsoft Visual Studio 10.0\VC\bin\CL.exe /c /IC:\WINIO\Source\Drv /IC:\WINDDK\3790.1830\inc\api /IC:\WINDDK\3790.1830\inc\crt /IC:\WINDDK\3790.1830\inc\wxp /IC:\WINIO\Source\Dll /Zi /nologo /W3 /WX- /O2 /Oi /Oy- /GL /D WIN32 /D NDEBUG /D _CONSOLE /D _UNICODE /D UNICODE /Gm- /EHsc /MD /GS /Gy /fp:precise /Zc:wchar_t /Zc:forScope /Fo"Release\\" /Fd"Release\vc100.pdb" /Gd /TC /analyze- /errorReport:prompt main.c
  main.c
Link:
  C:\Program Files\Microsoft Visual Studio 10.0\VC\bin\link.exe /ERRORREPORT:PROMPT /OUT:"F:\21152\Release\21152.exe" /INCREMENTAL:NO /NOLOGO /LIBPATH:C:\WINIO\Binaries /LIBPATH:C:\WINDDK\3790.1830\lib\wxp\i386 WinIo32.lib ntdll.lib kernel32.lib user32.lib gdi32.lib winspool.lib comdlg32.lib advapi32.lib shell32.lib ole32.lib oleaut32.lib uuid.lib odbc32.lib odbccp32.lib /MANIFEST /ManifestFile:"Release\21152.exe.intermediate.manifest" /MANIFESTUAC:"level='asInvoker' uiAccess='false'" /DEBUG /PDB:"F:\21152\Release\21152.pdb" /SUBSYSTEM:CONSOLE /OPT:REF /OPT:ICF /LTCG /TLBID:1 /DYNAMICBASE /NXCOMPAT /IMPLIB:"F:\21152\Release\21152.lib" /MACHINE:X86 Release\main.obj
  Generating code
  Finished generating code
  21152.vcxproj -> F:\21152\Release\21152.exe
Manifest:
  C:\Program Files\Microsoft SDKs\Windows\v7.0A\bin\mt.exe /nologo /verbose /outputresource:"F:\21152\Release\21152.exe;#1" /manifest Release\21152.exe.intermediate.manifest
FinalizeBuildStatus:
  Deleting file "Release\21152.unsuccessfulbuild".
  Touching "Release\21152.lastbuildstate".
Done Building Project "F:\21152\21152.vcxproj" (build target(s)).

Build succeeded.

Time Elapsed 00:00:07.10
