Build started 1/15/2013 4:48:30 AM.
Project "C:\isadetect\isadetect.vcxproj" on node 2 (build target(s)).
InitializeBuildStatus:
  Creating "Release\isadetect.unsuccessfulbuild" because "AlwaysCreate" was specified.
ClCompile:
  C:\Program Files\Microsoft Visual Studio 10.0\VC\bin\CL.exe /c /Zi /nologo /W3 /WX- /O2 /Oi /Oy- /GL /D WIN32 /D NDEBUG /D _CONSOLE /D _UNICODE /D UNICODE /Gm- /EHsc /MD /GS /Gy /fp:precise /Zc:wchar_t /Zc:forScope /Fo"Release\\" /Fd"Release\vc100.pdb" /Gd /TP /analyze- /errorReport:prompt isadetect.cpp stdafx.cpp
  isadetect.cpp
isadetect.cpp(239): warning C4996: 'sprintf': This function or variable may be unsafe. Consider using sprintf_s instead. To disable deprecation, use _CRT_SECURE_NO_WARNINGS. See online help for details.
          C:\Program Files\Microsoft Visual Studio 10.0\VC\include\stdio.h(371) : see declaration of 'sprintf'
isadetect.cpp(240): warning C4996: 'sprintf': This function or variable may be unsafe. Consider using sprintf_s instead. To disable deprecation, use _CRT_SECURE_NO_WARNINGS. See online help for details.
          C:\Program Files\Microsoft Visual Studio 10.0\VC\include\stdio.h(371) : see declaration of 'sprintf'
isadetect.cpp(193): warning C4101: 'bit' : unreferenced local variable
isadetect.cpp(285): warning C4996: 'strcpy': This function or variable may be unsafe. Consider using strcpy_s instead. To disable deprecation, use _CRT_SECURE_NO_WARNINGS. See online help for details.
          C:\Program Files\Microsoft Visual Studio 10.0\VC\include\string.h(105) : see declaration of 'strcpy'
isadetect.cpp(286): warning C4996: 'sprintf': This function or variable may be unsafe. Consider using sprintf_s instead. To disable deprecation, use _CRT_SECURE_NO_WARNINGS. See online help for details.
          C:\Program Files\Microsoft Visual Studio 10.0\VC\include\stdio.h(371) : see declaration of 'sprintf'
isadetect.cpp(329): warning C4996: 'strcpy': This function or variable may be unsafe. Consider using strcpy_s instead. To disable deprecation, use _CRT_SECURE_NO_WARNINGS. See online help for details.
          C:\Program Files\Microsoft Visual Studio 10.0\VC\include\string.h(105) : see declaration of 'strcpy'
isadetect.cpp(330): warning C4996: 'sprintf': This function or variable may be unsafe. Consider using sprintf_s instead. To disable deprecation, use _CRT_SECURE_NO_WARNINGS. See online help for details.
          C:\Program Files\Microsoft Visual Studio 10.0\VC\include\stdio.h(371) : see declaration of 'sprintf'
isadetect.cpp(392): warning C4996: 'strcpy': This function or variable may be unsafe. Consider using strcpy_s instead. To disable deprecation, use _CRT_SECURE_NO_WARNINGS. See online help for details.
          C:\Program Files\Microsoft Visual Studio 10.0\VC\include\string.h(105) : see declaration of 'strcpy'
isadetect.cpp(393): warning C4996: 'sprintf': This function or variable may be unsafe. Consider using sprintf_s instead. To disable deprecation, use _CRT_SECURE_NO_WARNINGS. See online help for details.
          C:\Program Files\Microsoft Visual Studio 10.0\VC\include\stdio.h(371) : see declaration of 'sprintf'
isadetect.cpp(435): warning C4996: 'strcpy': This function or variable may be unsafe. Consider using strcpy_s instead. To disable deprecation, use _CRT_SECURE_NO_WARNINGS. See online help for details.
          C:\Program Files\Microsoft Visual Studio 10.0\VC\include\string.h(105) : see declaration of 'strcpy'
isadetect.cpp(436): warning C4996: 'sprintf': This function or variable may be unsafe. Consider using sprintf_s instead. To disable deprecation, use _CRT_SECURE_NO_WARNINGS. See online help for details.
          C:\Program Files\Microsoft Visual Studio 10.0\VC\include\stdio.h(371) : see declaration of 'sprintf'
isadetect.cpp(477): warning C4996: 'strcpy': This function or variable may be unsafe. Consider using strcpy_s instead. To disable deprecation, use _CRT_SECURE_NO_WARNINGS. See online help for details.
          C:\Program Files\Microsoft Visual Studio 10.0\VC\include\string.h(105) : see declaration of 'strcpy'
isadetect.cpp(478): warning C4996: 'sprintf': This function or variable may be unsafe. Consider using sprintf_s instead. To disable deprecation, use _CRT_SECURE_NO_WARNINGS. See online help for details.
          C:\Program Files\Microsoft Visual Studio 10.0\VC\include\stdio.h(371) : see declaration of 'sprintf'
isadetect.cpp(594): warning C4996: 'fopen': This function or variable may be unsafe. Consider using fopen_s instead. To disable deprecation, use _CRT_SECURE_NO_WARNINGS. See online help for details.
          C:\Program Files\Microsoft Visual Studio 10.0\VC\include\stdio.h(234) : see declaration of 'fopen'
  stdafx.cpp
Link:
  C:\Program Files\Microsoft Visual Studio 10.0\VC\bin\link.exe /ERRORREPORT:PROMPT /OUT:"C:\isadetect\Release\isadetect.exe" /INCREMENTAL:NO /NOLOGO kernel32.lib user32.lib gdi32.lib winspool.lib comdlg32.lib advapi32.lib shell32.lib ole32.lib oleaut32.lib uuid.lib odbc32.lib odbccp32.lib /MANIFEST /ManifestFile:"Release\isadetect.exe.intermediate.manifest" /MANIFESTUAC:"level='asInvoker' uiAccess='false'" /DEBUG /PDB:"C:\isadetect\Release\isadetect.pdb" /SUBSYSTEM:CONSOLE /OPT:REF /OPT:ICF /LTCG /TLBID:1 /DYNAMICBASE /NXCOMPAT /IMPLIB:"C:\isadetect\Release\isadetect.lib" /MACHINE:X86 Release\isadetect.obj
  Release\stdafx.obj
  Generating code
  Finished generating code
  isadetect.vcxproj -> C:\isadetect\Release\isadetect.exe
Manifest:
  C:\Program Files\Microsoft SDKs\Windows\v7.0A\bin\mt.exe /nologo /verbose /outputresource:"C:\isadetect\Release\isadetect.exe;#1" /manifest Release\isadetect.exe.intermediate.manifest
FinalizeBuildStatus:
  Deleting file "Release\isadetect.unsuccessfulbuild".
  Touching "Release\isadetect.lastbuildstate".
Done Building Project "C:\isadetect\isadetect.vcxproj" (build target(s)).

Build succeeded.

Time Elapsed 00:00:07.53
